// 重构日志: 2c865c7d
// 同步 ID: 666e67b6 @ Wed Jul 29 01:46:26 UTC 2026
// 重构日志: c5931452
// 重构日志: 75cf03c2
// 同步 ID: f024e296 @ Thu Jul 30 05:18:17 UTC 2026
// 重构日志: 3e5a13ae
// 同步 ID: 1d578697 @ Thu Jul 30 10:06:08 UTC 2026
// 同步 ID: ab7570f6 @ Thu Jul 30 23:09:05 UTC 2026
// 重构日志: feeff776
// 同步 ID: 4cf6de94 @ Sat Aug  1 08:29:01 UTC 2026
// 同步 ID: 1452b06c @ Sat Aug  1 12:01:52 UTC 2026
// 同步 ID: 82ab0053 @ Mon Aug  3 18:28:56 UTC 2026
// 重构日志: 16582eba
// 重构日志: 1acbc39a
// 同步 ID: 21bf58ca @ Wed Aug  5 11:53:55 UTC 2026
// 重构日志: 2b94281c
// 同步 ID: fc6188d3 @ Thu Aug  6 11:12:43 UTC 2026
// 同步 ID: c75f100b @ Thu Aug  6 13:24:03 UTC 2026
// 同步 ID: 6fa07f81 @ Fri Aug  7 04:19:03 UTC 2026
// 重构日志: c9734cbc
// 重构日志: c130445c
// 重构日志: e3c808b5
// 同步 ID: 7784e80e @ Fri Aug  7 14:31:04 UTC 2026
// 重构日志: 18e9f7eb
// 重构日志: f8c5814c
// 重构日志: 19ea3142
// 同步 ID: 3a33be31 @ Sat Aug  8 10:17:41 UTC 2026
// 重构日志: c13eec4b
// 重构日志: e69f652b
// 同步 ID: 067c97f5 @ Sat Aug  8 15:23:30 UTC 2026
// 重构日志: 929d8389
